qt.core.plugin.factoryloader: checking directory path "/home/jules/.pyenv/versions/3.12.11/lib/python3.12/site-packages/PySide6/Qt/plugins/platforms" ...
qt.core.plugin.factoryloader: looking at "libqminimalegl.so"
qt.core.plugin.loader: Found metadata in lib /home/jules/.pyenv/versions/3.12.11/lib/python3.12/site-packages/PySide6/Qt/plugins/platforms/libqminimalegl.so, metadata=
{
    "IID": "org.qt-project.Qt.QPA.QPlatformIntegrationFactoryInterface.5.3",
    "MetaData": {
        "Keys": [
            "minimalegl"
        ]
    },
    "archlevel": 1,
    "className": "QMinimalEglIntegrationPlugin",
    "debug": false,
    "version": 395520
}


qt.core.plugin.factoryloader: Got keys from plugin meta data QList("minimalegl")
qt.core.plugin.factoryloader: looking at "libqwayland-egl.so"
qt.core.plugin.loader: Found metadata in lib /home/jules/.pyenv/versions/3.12.11/lib/python3.12/site-packages/PySide6/Qt/plugins/platforms/libqwayland-egl.so, metadata=
{
    "IID": "org.qt-project.Qt.QPA.QPlatformIntegrationFactoryInterface.5.3",
    "MetaData": {
        "Keys": [
            "wayland-egl"
        ]
    },
    "archlevel": 1,
    "className": "QWaylandEglPlatformIntegrationPlugin",
    "debug": false,
    "version": 395520
}


qt.core.plugin.factoryloader: Got keys from plugin meta data QList("wayland-egl")
qt.core.plugin.factoryloader: looking at "libqwayland-generic.so"
qt.core.plugin.loader: Found metadata in lib /home/jules/.pyenv/versions/3.12.11/lib/python3.12/site-packages/PySide6/Qt/plugins/platforms/libqwayland-generic.so, metadata=
{
    "IID": "org.qt-project.Qt.QPA.QPlatformIntegrationFactoryInterface.5.3",
    "MetaData": {
        "Keys": [
            "wayland"
        ]
    },
    "archlevel": 1,
    "className": "QWaylandIntegrationPlugin",
    "debug": false,
    "version": 395520
}


qt.core.plugin.factoryloader: Got keys from plugin meta data QList("wayland")
qt.core.plugin.factoryloader: looking at "libqxcb.so"
qt.core.plugin.loader: Found metadata in lib /home/jules/.pyenv/versions/3.12.11/lib/python3.12/site-packages/PySide6/Qt/plugins/platforms/libqxcb.so, metadata=
{
    "IID": "org.qt-project.Qt.QPA.QPlatformIntegrationFactoryInterface.5.3",
    "MetaData": {
        "Keys": [
            "xcb"
        ]
    },
    "archlevel": 1,
    "className": "QXcbIntegrationPlugin",
    "debug": false,
    "version": 395520
}


qt.core.plugin.factoryloader: Got keys from plugin meta data QList("xcb")
qt.core.plugin.factoryloader: looking at "libqminimal.so"
qt.core.plugin.loader: Found metadata in lib /home/jules/.pyenv/versions/3.12.11/lib/python3.12/site-packages/PySide6/Qt/plugins/platforms/libqminimal.so, metadata=
{
    "IID": "org.qt-project.Qt.QPA.QPlatformIntegrationFactoryInterface.5.3",
    "MetaData": {
        "Keys": [
            "minimal"
        ]
    },
    "archlevel": 1,
    "className": "QMinimalIntegrationPlugin",
    "debug": false,
    "version": 395520
}


qt.core.plugin.factoryloader: Got keys from plugin meta data QList("minimal")
qt.core.plugin.factoryloader: looking at "libqlinuxfb.so"
qt.core.plugin.loader: Found metadata in lib /home/jules/.pyenv/versions/3.12.11/lib/python3.12/site-packages/PySide6/Qt/plugins/platforms/libqlinuxfb.so, metadata=
{
    "IID": "org.qt-project.Qt.QPA.QPlatformIntegrationFactoryInterface.5.3",
    "MetaData": {
        "Keys": [
            "linuxfb"
        ]
    },
    "archlevel": 1,
    "className": "QLinuxFbIntegrationPlugin",
    "debug": false,
    "version": 395520
}


qt.core.plugin.factoryloader: Got keys from plugin meta data QList("linuxfb")
qt.core.plugin.factoryloader: looking at "libqeglfs.so"
qt.core.plugin.loader: Found metadata in lib /home/jules/.pyenv/versions/3.12.11/lib/python3.12/site-packages/PySide6/Qt/plugins/platforms/libqeglfs.so, metadata=
{
    "IID": "org.qt-project.Qt.QPA.QPlatformIntegrationFactoryInterface.5.3",
    "MetaData": {
        "Keys": [
            "eglfs"
        ]
    },
    "archlevel": 1,
    "className": "QEglFSIntegrationPlugin",
    "debug": false,
    "version": 395520
}


qt.core.plugin.factoryloader: Got keys from plugin meta data QList("eglfs")
qt.core.plugin.factoryloader: looking at "libqvkkhrdisplay.so"
qt.core.plugin.loader: Found metadata in lib /home/jules/.pyenv/versions/3.12.11/lib/python3.12/site-packages/PySide6/Qt/plugins/platforms/libqvkkhrdisplay.so, metadata=
{
    "IID": "org.qt-project.Qt.QPA.QPlatformIntegrationFactoryInterface.5.3",
    "MetaData": {
        "Keys": [
            "vkkhrdisplay"
        ]
    },
    "archlevel": 1,
    "className": "QVkKhrDisplayIntegrationPlugin",
    "debug": false,
    "version": 395520
}


qt.core.plugin.factoryloader: Got keys from plugin meta data QList("vkkhrdisplay")
qt.core.plugin.factoryloader: looking at "libqoffscreen.so"
qt.core.plugin.loader: Found metadata in lib /home/jules/.pyenv/versions/3.12.11/lib/python3.12/site-packages/PySide6/Qt/plugins/platforms/libqoffscreen.so, metadata=
{
    "IID": "org.qt-project.Qt.QPA.QPlatformIntegrationFactoryInterface.5.3",
    "MetaData": {
        "Keys": [
            "offscreen"
        ]
    },
    "archlevel": 1,
    "className": "QOffscreenIntegrationPlugin",
    "debug": false,
    "version": 395520
}


qt.core.plugin.factoryloader: Got keys from plugin meta data QList("offscreen")
qt.core.plugin.factoryloader: looking at "libqvnc.so"
qt.core.plugin.loader: Found metadata in lib /home/jules/.pyenv/versions/3.12.11/lib/python3.12/site-packages/PySide6/Qt/plugins/platforms/libqvnc.so, metadata=
{
    "IID": "org.qt-project.Qt.QPA.QPlatformIntegrationFactoryInterface.5.3",
    "MetaData": {
        "Keys": [
            "vnc"
        ]
    },
    "archlevel": 1,
    "className": "QVncIntegrationPlugin",
    "debug": false,
    "version": 395520
}


qt.core.plugin.factoryloader: Got keys from plugin meta data QList("vnc")
qt.core.plugin.factoryloader: checking directory path "/home/jules/.pyenv/versions/3.12.11/bin/platforms" ...
qt.core.library: "/home/jules/.pyenv/versions/3.12.11/lib/python3.12/site-packages/PySide6/Qt/plugins/platforms/libqxcb.so" loaded library
qt.qpa.xcb: could not connect to display
qt.qpa.plugin: From 6.5.0, xcb-cursor0 or libxcb-cursor0 is needed to load the Qt xcb platform plugin.
qt.qpa.plugin: Could not load the Qt platform plugin "xcb" in "" even though it was found.
This application failed to start because no Qt platform plugin could be initialized. Reinstalling the application may fix this problem.

Available platform plugins are: minimalegl, wayland-egl, wayland, xcb, minimal, linuxfb, eglfs, vkkhrdisplay, offscreen, vnc.
